ASxxxx Linker V03.00 + NoICE + sdld,  page 1.
Hexadecimal  [32-Bits]

Area                                    Addr        Size        Decimal Bytes (Attributes)
--------------------------------        ----        ----        ------- ----- ------------
.  .ABS.                            00000000    00000000 =           0. bytes (ABS,CON)

      Value  Global                              Global Defined In Module
      -----  --------------------------------   ------------------------
     00000000  .__.ABS.                           cpct_video
     00000000  l__CABS                         
     00000000  l__DABS                         
     00000000  l__DATA                         
     00000000  l__GSFINAL                      
     00000000  l__GSINIT                       
     00000000  l__HOME                         
     00000000  l__INITIALIZED                  
     00000000  l__INITIALIZER                  
     00000000  s__CABS                         
     00000000  s__DABS                         
     000001A5  l__CODE                         
     00004000  s__CODE                         
     000041A5  s__DATA                         
     000041A5  s__GSFINAL                      
     000041A5  s__GSINIT                       
     000041A5  s__HOME                         
     000041A5  s__INITIALIZED                  
     000041A5  s__INITIALIZER                  

ASxxxx Linker V03.00 + NoICE + sdld,  page 2.
Hexadecimal  [32-Bits]

Area                                    Addr        Size        Decimal Bytes (Attributes)
--------------------------------        ----        ----        ------- ----- ------------
_CODE                               00004000    000001A5 =         421. bytes (REL,CON)

      Value  Global                              Global Defined In Module
      -----  --------------------------------   ------------------------
     00004000  _checkKeys                         util
     0000403D  _initialize                        main
     00004045  _main                              main
     00004088  _cpct_isKeyPressed                 cpct_keyboard
     00004088  cpct_isKeyPressed_asm              cpct_keyboard
     00004094  _cpct_drawStringM1                 cpct_strings
     0000409C  cpct_drawStringM1_asm              cpct_strings
     000040B6  _cpct_drawCharM1                   cpct_strings
     000040C3  cpct_drawCharM1_asm                cpct_strings
     0000413D  _cpct_keyboardStatusBuffer         cpct_keyboard
     00004147  _cpct_isAnyKeyPressed              cpct_keyboard
     00004147  cpct_isAnyKeyPressed_asm           cpct_keyboard
     00004154  _cpct_setVideoMode                 cpct_video
     00004162  dc_mode1_ct                        
     00004166  _cpct_memset                       cpct_memutils
     00004174  _cpct_disableFirmware              cpct_firmware
     00004174  _cpct_removeInterruptHandler       cpct_firmware
     00004174  cpct_disableFirmware_asm           cpct_firmware
     00004174  cpct_removeInterruptHandler_asm    cpct_firmware
     00004184  _cpct_mode_rom_status              cpct_firmware
     00004185  _cpct_getScreenPtr                 cpct_video
ASxxxx Linker V03.00 + NoICE + sdld,  page 3.

Files Linked                              [ module(s) ]

obj/util.rel                              [ util ]
obj/main.rel                              [ main ]


Libraries Linked                          [ object file ]

/cygdrive/c/Users/david/Documents/retro/cpctelera-1.4/cpctelera/cpctelera.lib
                                          [ cpct_isKeyPressed.rel ]
/cygdrive/c/Users/david/Documents/retro/cpctelera-1.4/cpctelera/cpctelera.lib
                                          [ cpct_drawStringM1.rel ]
/cygdrive/c/Users/david/Documents/retro/cpctelera-1.4/cpctelera/cpctelera.lib
                                          [ cpct_drawCharM1.rel ]
/cygdrive/c/Users/david/Documents/retro/cpctelera-1.4/cpctelera/cpctelera.lib
                                          [ keyboard.rel ]
/cygdrive/c/Users/david/Documents/retro/cpctelera-1.4/cpctelera/cpctelera.lib
                                          [ cpct_isAnyKeyPressed.rel ]
/cygdrive/c/Users/david/Documents/retro/cpctelera-1.4/cpctelera/cpctelera.lib
                                          [ cpct_setVideoMode_cbindings.rel ]
/cygdrive/c/Users/david/Documents/retro/cpctelera-1.4/cpctelera/cpctelera.lib
                                          [ cpct_dc_mode1_ct.rel ]
/cygdrive/c/Users/david/Documents/retro/cpctelera-1.4/cpctelera/cpctelera.lib
                                          [ cpct_memset_cbinding.rel ]
/cygdrive/c/Users/david/Documents/retro/cpctelera-1.4/cpctelera/cpctelera.lib
                                          [ cpct_removeInterruptHandler.rel ]
/cygdrive/c/Users/david/Documents/retro/cpctelera-1.4/cpctelera/cpctelera.lib
                                          [ cpc_mode_rom_status.rel ]
/cygdrive/c/Users/david/Documents/retro/cpctelera-1.4/cpctelera/cpctelera.lib
                                          [ cpct_getScreenPtr_cbindings.rel ]

ASxxxx Linker V03.00 + NoICE + sdld,  page 4.

User Base Address Definitions

_CODE = 0x4000
_DATA = 0x0000

